// Jest Snapshot v1, https://goo.gl/fbAQLP

exports[`FriendListMenu should render component correct 1`] = `
<div>
  loading
</div>
`;
