// Jest Snapshot v1, https://goo.gl/fbAQLP

exports[`SendMoneyForm should render correctly 1`] = `
<div
  className="sendMoneyForm"
>
  <h2>
    Send Money
  </h2>
  <div>
    <div
      className="textInput"
    >
      <label
        htmlFor="name"
      >
        Name
      </label>
      <input
        name="name"
        onChange={[Function]}
        placeholder="Ngufan Ivo"
        type="text"
        value=""
      />
    </div>
    <div
      className="textInput"
    >
      <label
        htmlFor="email"
      >
        E-mail
      </label>
      <input
        name="email"
        onChange={[Function]}
        placeholder="orkumaivo@gmail.com"
        type="text"
        value=""
      />
    </div>
  </div>
  <div
    className="numberInput"
  >
    <label
      htmlFor="amount"
    >
      Amount (Â£)
    </label>
    <input
      name="amount"
      onChange={[Function]}
      placeholder="3000"
      type="number"
      value="0"
    />
  </div>
  <div
    className="buttonDiv"
  >
    <button
      disabled={false}
      name="send"
      onClick={[Function]}
    >
      Send Money
    </button>
  </div>
</div>
`;
