// Jest Snapshot v1, https://goo.gl/fbAQLP

exports[`FriendListItem should render correctly 1`] = `
<li
  className="sc-bdVaJa ijehez"
  onClick={[Function]}
>
  <span>
    ivo
  </span>
  <span />
</li>
`;
