// Jest Snapshot v1, https://goo.gl/fbAQLP

exports[`Transaction should render correctly 1`] = `
<WithContext(TrInner)>
  <WithContext(TdInner)>
    ivo
  </WithContext(TdInner)>
  <WithContext(TdInner)>
    3
  </WithContext(TdInner)>
  <WithContext(TdInner)>
    Â£
    10
  </WithContext(TdInner)>
  <WithContext(TdInner)>
    d
  </WithContext(TdInner)>
</WithContext(TrInner)>
`;
