// Jest Snapshot v1, https://goo.gl/fbAQLP

exports[`Transactions should render correctly 1`] = `
<table
  className=" responsiveTable"
>
  <thead>
    <tr>
      <th>
        Name
      </th>
      <th>
        Email
      </th>
      <th>
        Amount (total - Â£
        0
        )
      </th>
      <th>
        Date
      </th>
    </tr>
  </thead>
  <tbody />
</table>
`;
